---
source: crates/linesmith/src/tui/items_editor.rs
expression: "render_to_string(&s, &doc, 40, 14)"
---
               edit lines               
a add · i insert ·   Space sep · r raw ·
                                        
▶ model                                 
  context_window                        
  git_branch                            
  cwd
