---
source: crates/linesmith/src/tui/main_menu.rs
expression: "render_to_string(&state, 60, 14)"
---
                      linesmith config                      
                                                            
                                                            
▶ Edit Lines                                                
  Edit Colors                                               
  Powerline Setup                                           
  Terminal Options                                          
  Global Overrides                                          
  Install to Claude Code                                    
  Exit                                                      
                                                            
                                                            
                                                            
              Add, remove, and reorder segments
