---
source: crates/linesmith/src/tui/install_screen.rs
expression: "render_to_string(&s, 60, 14)"
---
     install to Claude Code — ✓ installed as "linesmith"    
                   i install · u uninstall                  
                                                            
  Install                                                   
▶ Uninstall                                                 
                                                            
                                                            
                                                            
                                                            
                                                            
                                                            
                                                            
                                                            
               Remove the linesmith statusLine
